✖ opening catalogue is bounded and opening studies retain complete owned history for practice (32.012042ms)
ℹ tests 1
ℹ suites 0
ℹ pass 0
ℹ fail 1
ℹ cancelled 0
ℹ skipped 0
ℹ todo 0
ℹ duration_ms 97.077166

✖ failing tests:

test at server/app.test.mjs:282:1
✖ opening catalogue is bounded and opening studies retain complete owned history for practice (32.012042ms)
  AssertionError [ERR_ASSERTION]: Expected values to be strictly equal:

  401 !== 200

      at TestContext.<anonymous> (file:///private/tmp/chesslab-opening-library/server/app.test.mjs:284:77)
      at process.processTicksAndRejections (node:internal/process/task_queues:104:5)
      at async Test.run (node:internal/test_runner/test:1409:7)
      at async startSubtestAfterBootstrap (node:internal/test_runner/harness:387:3) {
    generatedMessage: true,
    code: 'ERR_ASSERTION',
    actual: 401,
    expected: 200,
    operator: 'strictEqual',
    diff: 'simple'
  }
