✖ full game review preserves ownership, resumes from disk and never rewrites games or studies (256.291708ms)
✖ review rejects concurrent or stale engine results and preserves the last saved step on failure (38.501166ms)
ℹ tests 2
ℹ suites 0
ℹ pass 0
ℹ fail 2
ℹ cancelled 0
ℹ skipped 0
ℹ todo 0
ℹ duration_ms 396.867708

✖ failing tests:

test at server/app.test.mjs:164:1
✖ full game review preserves ownership, resumes from disk and never rewrites games or studies (256.291708ms)
  AssertionError [ERR_ASSERTION]: Expected values to be strictly equal:
  + actual - expected

  + undefined
  - null

      at TestContext.<anonymous> (file:///Users/prax/Developer/ChessLab-local-web/server/app.test.mjs:170:10)
      at process.processTicksAndRejections (node:internal/process/task_queues:104:5)
      at async Test.run (node:internal/test_runner/test:1409:7)
      at async startSubtestAfterBootstrap (node:internal/test_runner/harness:387:3) {
    generatedMessage: true,
    code: 'ERR_ASSERTION',
    actual: undefined,
    expected: null,
    operator: 'strictEqual',
    diff: 'simple'
  }

test at server/app.test.mjs:186:1
✖ review rejects concurrent or stale engine results and preserves the last saved step on failure (38.501166ms)
  AssertionError [ERR_ASSERTION]: Expected values to be strictly equal:

  404 !== 200

      at TestContext.<anonymous> (file:///Users/prax/Developer/ChessLab-local-web/server/app.test.mjs:192:10)
      at process.processTicksAndRejections (node:internal/process/task_queues:104:5)
      at async Test.run (node:internal/test_runner/test:1409:7)
      at async Test.processPendingSubtests (node:internal/test_runner/test:974:7) {
    generatedMessage: true,
    code: 'ERR_ASSERTION',
    actual: 404,
    expected: 200,
    operator: 'strictEqual',
    diff: 'simple'
  }
