file:///private/tmp/chesslab-rated-daily/server/puzzle-modes.test.mjs:7
import {createTrainer,ratingUpdate,localDay} from './puzzle-training.mjs';
                                   ^^^^^^^^
SyntaxError: The requested module './puzzle-training.mjs' does not provide an export named 'localDay'
    at #asyncInstantiate (node:internal/modules/esm/module_job:463:21)
    at async ModuleJob.run (node:internal/modules/esm/module_job:561:5)
    at async node:internal/modules/esm/loader:650:26
    at async asyncRunEntryPointWithESMLoader (node:internal/modules/run_main:101:5)

Node.js v26.8.2
✖ server/puzzle-modes.test.mjs (39.956792ms)
ℹ tests 1
ℹ suites 0
ℹ pass 0
ℹ fail 1
ℹ cancelled 0
ℹ skipped 0
ℹ todo 0
ℹ duration_ms 45.267

✖ failing tests:

test at server/puzzle-modes.test.mjs:1:1
✖ server/puzzle-modes.test.mjs (39.956792ms)
  'test failed'
