✖ position practice copies a saved branch, preserves its source and resets only new play (105.397584ms)
ℹ tests 1
ℹ suites 0
ℹ pass 0
ℹ fail 1
ℹ cancelled 0
ℹ skipped 0
ℹ todo 0
ℹ duration_ms 216.081542

✖ failing tests:

test at server/app.test.mjs:219:1
✖ position practice copies a saved branch, preserves its source and resets only new play (105.397584ms)
  AssertionError [ERR_ASSERTION]: Expected values to be strictly equal:

  404 !== 409

      at TestContext.<anonymous> (file:///Users/prax/Developer/ChessLab-local-web/server/app.test.mjs:229:69)
      at process.processTicksAndRejections (node:internal/process/task_queues:104:5)
      at async Test.run (node:internal/test_runner/test:1409:7)
      at async startSubtestAfterBootstrap (node:internal/test_runner/harness:387:3) {
    generatedMessage: true,
    code: 'ERR_ASSERTION',
    actual: 404,
    expected: 409,
    operator: 'strictEqual',
    diff: 'simple'
  }
