{
  "status": "pass",
  "checkedAt": "2026-09-13T05:19:34.766Z",
  "engine": "Stockfish 19",
  "checks": [
    "register and session cookie",
    "typed e4 and real legal bot reply",
    "engine review shown",
    "saved game restored after reload",
    "wrong/right lesson answers",
    "wrong/right puzzle moves",
    "progress restored after reload",
    "bot search and visible identity",
    "hint with engine evidence",
    "nested study preserves original moves",
    "board preference persists",
    "mobile layout and account/settings access",
    "no page errors or unexpected HTTP/model requests",
    "whole game review with pause and reload resume",
    "native evidence for every move and terminal result",
    "key move filtering and cached navigation",
    "practice from a saved nested branch with a real bot",
    "practice undo boundary and position restart",
    "practice provenance survives reload and source study return",
    "mobile practice setup",
    "custom piece placement, click and drag editing, removal and castling validation",
    "FEN loading preserves invalid drafts and en passant",
    "mobile custom position editor and flip",
    "guest position draft survives cancelled sign-in",
    "Black-first practice clock runs on the correct side",
    "saved custom position with native analysis, reload and bot practice",
    "local opening search, ECO filter and pagination",
    "legal opening preview and selected move navigation",
    "opening practice copies selected prefix and preserves full source",
    "real native bot play from an opening",
    "saved opening recognition and reload",
    "mobile opening library and flip",
    "full local puzzle catalogue and theme/rating filters",
    "wrong move and hint preserve hidden solution and accepted position",
    "multi-move training resumes after reload",
    "finished puzzle creates separate study with native analysis",
    "retry previous mistakes and reveal without unassisted credit",
    "mobile playback, flip and clean retry persist correct totals",
    "rated difficulty bands and once-only hint loss",
    "clean rated solve updates profile and history",
    "daily puzzle resumes its pinned date and position after reload",
    "daily completion and replay cannot duplicate rating or streak credit",
    "mobile rated/daily mode controls and progress",
    "Survival board play scores a complete solution and advances difficulty",
    "Rush restores mode, score and puzzle after reload",
    "three failed puzzles end a run and persist personal bests",
    "mobile Rush results retry separately without rating or daily changes",
    "server-owned timed Rush clock, end and saved run history",
    "guided course path and preserved starter lessons",
    "wrong and correct lesson board moves, second-challenge reload recovery",
    "all-challenge completion, full course completion and next lesson progression",
    "lesson library search, level and topic filters",
    "queen versus rook promotion and mobile lesson controls",
    "advanced multi-move mating lessons and preserved account progress"
  ],
  "limitations": [
    "Uses isolated temporary SQLite, not the user database",
    "Does not establish deployment or cross-browser support"
  ],
  "video": "local-user-flow.webm"
}
Evidence saved to <checkout>/docs/verification/learning-path/proof
