whisper_init_from_file_with_params_no_state: loading model from '/Users/prax/.cache/huggingface/hub/models--ggerganov--whisper.cpp/snapshots/5359861c739e955e79d9a303bcbc70fb988958b1/ggml-large-v3-turbo-q8_0.bin'
whisper_init_with_params_no_state: use gpu    = 0
whisper_init_with_params_no_state: flash attn = 1
whisper_init_with_params_no_state: gpu_device = 0
whisper_init_with_params_no_state: dtw        = 0
whisper_init_with_params_no_state: devices    = 2
whisper_init_with_params_no_state: backends   = 2
whisper_model_load: loading model
whisper_model_load: n_vocab       = 51866
whisper_model_load: n_audio_ctx   = 1500
whisper_model_load: n_audio_state = 1280
whisper_model_load: n_audio_head  = 20
whisper_model_load: n_audio_layer = 32
whisper_model_load: n_text_ctx    = 448
whisper_model_load: n_text_state  = 1280
whisper_model_load: n_text_head   = 20
whisper_model_load: n_text_layer  = 4
whisper_model_load: n_mels        = 128
whisper_model_load: ftype         = 7
whisper_model_load: qntvr         = 2
whisper_model_load: type          = 5 (large v3)
whisper_model_load: adding 1609 extra tokens
whisper_model_load: n_langs       = 100
whisper_model_load:          CPU total size =    93.67 MB
whisper_model_load:   CPU_REPACK total size =   779.88 MB
repack: repack tensor  with q8_0_4x8
repack: repack tensor  with q8_0_4x8
repack: repack tensor  with q8_0_4x8
repack: repack tensor  with q8_0_4x8
repack: repack tensor  with q8_0_4x8
repack: repack tensor  with q8_0_4x8
repack: repack tensor  with q8_0_4x8
repack: repack tensor  with q8_0_4x8
repack: repack tensor  with q8_0_4x8
repack: repack tensor  with q8_0_4x8
repack: repack tensor  with q8_0_4x8
repack: repack tensor  with q8_0_4x8
repack: repack tensor  with q8_0_4x8
repack: repack tensor  with q8_0_4x8
repack: repack tensor  with q8_0_4x8
repack: repack tensor  with q8_0_4x8
repack: repack tensor  with q8_0_4x8
repack: repack tensor  with q8_0_4x8
repack: repack tensor  with q8_0_4x8
repack: repack tensor  with q8_0_4x8
repack: repack tensor  with q8_0_4x8
repack: repack tensor  with q8_0_4x8
repack: repack tensor  with q8_0_4x8
repack: repack tensor  with q8_0_4x8
repack: repack tensor  with q8_0_4x8
repack: repack tensor  with q8_0_4x8
repack: repack tensor  with q8_0_4x8
repack: repack tensor  with q8_0_4x8
repack: repack tensor  with q8_0_4x8
repack: repack tensor  with q8_0_4x8
repack: repack tensor  with q8_0_4x8
repack: repack tensor  with q8_0_4x8
repack: repack tensor  with q8_0_4x8
repack: repack tensor  with q8_0_4x8
repack: repack tensor  with q8_0_4x8
repack: repack tensor  with q8_0_4x8
repack: repack tensor  with q8_0_4x8
repack: repack tensor  with q8_0_4x8
repack: repack tensor  with q8_0_4x8
repack: repack tensor  with q8_0_4x8
repack: repack tensor  with q8_0_4x8
repack: repack tensor  with q8_0_4x8
repack: repack tensor  with q8_0_4x8
repack: repack tensor  with q8_0_4x8
repack: repack tensor  with q8_0_4x8
repack: repack tensor  with q8_0_4x8
repack: repack tensor  with q8_0_4x8
repack: repack tensor  with q8_0_4x8
repack: repack tensor  with q8_0_4x8
repack: repack tensor  with q8_0_4x8
repack: repack tensor  with q8_0_4x8
repack: repack tensor  with q8_0_4x8
repack: repack tensor  with q8_0_4x8
repack: repack tensor  with q8_0_4x8
repack: repack tensor  with q8_0_4x8
repack: repack tensor  with q8_0_4x8
repack: repack tensor  with q8_0_4x8
repack: repack tensor  with q8_0_4x8
repack: repack tensor  with q8_0_4x8
repack: repack tensor  with q8_0_4x8
repack: repack tensor  with q8_0_4x8
repack: repack tensor  with q8_0_4x8
repack: repack tensor  with q8_0_4x8
repack: repack tensor  with q8_0_4x8
repack: repack tensor  with q8_0_4x8
repack: repack tensor  with q8_0_4x8
repack: repack tensor  with q8_0_4x8
repack: repack tensor  with q8_0_4x8
repack: repack tensor  with q8_0_4x8
repack: repack tensor  with q8_0_4x8
repack: repack tensor  with q8_0_4x8
repack: repack tensor  with q8_0_4x8
repack: repack tensor  with q8_0_4x8
repack: repack tensor  with q8_0_4x8
repack: repack tensor  with q8_0_4x8
repack: repack tensor  with q8_0_4x8
repack: repack tensor  with q8_0_4x8
repack: repack tensor  with q8_0_4x8
repack: repack tensor  with q8_0_4x8
repack: repack tensor  with q8_0_4x8
repack: repack tensor  with q8_0_4x8
repack: repack tensor  with q8_0_4x8
repack: repack tensor  with q8_0_4x8
repack: repack tensor  with q8_0_4x8
repack: repack tensor  with q8_0_4x8
repack: repack tensor  with q8_0_4x8
repack: repack tensor  with q8_0_4x8
repack: repack tensor  with q8_0_4x8
repack: repack tensor  with q8_0_4x8
repack: repack tensor  with q8_0_4x8
repack: repack tensor  with q8_0_4x8
repack: repack tensor  with q8_0_4x8
repack: repack tensor  with q8_0_4x8
repack: repack tensor  with q8_0_4x8
repack: repack tensor  with q8_0_4x8
repack: repack tensor  with q8_0_4x8
repack: repack tensor  with q8_0_4x8
repack: repack tensor  with q8_0_4x8
repack: repack tensor  with q8_0_4x8
repack: repack tensor  with q8_0_4x8
repack: repack tensor  with q8_0_4x8
repack: repack tensor  with q8_0_4x8
repack: repack tensor  with q8_0_4x8
repack: repack tensor  with q8_0_4x8
repack: repack tensor  with q8_0_4x8
repack: repack tensor  with q8_0_4x8
repack: repack tensor  with q8_0_4x8
repack: repack tensor  with q8_0_4x8
repack: repack tensor  with q8_0_4x8
repack: repack tensor  with q8_0_4x8
repack: repack tensor  with q8_0_4x8
repack: repack tensor  with q8_0_4x8
repack: repack tensor  with q8_0_4x8
repack: repack tensor  with q8_0_4x8
repack: repack tensor  with q8_0_4x8
repack: repack tensor  with q8_0_4x8
repack: repack tensor  with q8_0_4x8
repack: repack tensor  with q8_0_4x8
repack: repack tensor  with q8_0_4x8
repack: repack tensor  with q8_0_4x8
repack: repack tensor  with q8_0_4x8
repack: repack tensor  with q8_0_4x8
repack: repack tensor  with q8_0_4x8
repack: repack tensor  with q8_0_4x8
repack: repack tensor  with q8_0_4x8
repack: repack tensor  with q8_0_4x8
repack: repack tensor  with q8_0_4x8
repack: repack tensor  with q8_0_4x8
repack: repack tensor  with q8_0_4x8
repack: repack tensor  with q8_0_4x8
repack: repack tensor  with q8_0_4x8
repack: repack tensor  with q8_0_4x8
repack: repack tensor  with q8_0_4x8
repack: repack tensor  with q8_0_4x8
repack: repack tensor  with q8_0_4x8
repack: repack tensor  with q8_0_4x8
repack: repack tensor  with q8_0_4x8
repack: repack tensor  with q8_0_4x8
repack: repack tensor  with q8_0_4x8
repack: repack tensor  with q8_0_4x8
repack: repack tensor  with q8_0_4x8
repack: repack tensor  with q8_0_4x8
repack: repack tensor  with q8_0_4x8
repack: repack tensor  with q8_0_4x8
repack: repack tensor  with q8_0_4x8
repack: repack tensor  with q8_0_4x8
repack: repack tensor  with q8_0_4x8
repack: repack tensor  with q8_0_4x8
repack: repack tensor  with q8_0_4x8
repack: repack tensor  with q8_0_4x8
repack: repack tensor  with q8_0_4x8
repack: repack tensor  with q8_0_4x8
repack: repack tensor  with q8_0_4x8
repack: repack tensor  with q8_0_4x8
repack: repack tensor  with q8_0_4x8
repack: repack tensor  with q8_0_4x8
repack: repack tensor  with q8_0_4x8
repack: repack tensor  with q8_0_4x8
repack: repack tensor  with q8_0_4x8
repack: repack tensor  with q8_0_4x8
repack: repack tensor  with q8_0_4x8
repack: repack tensor  with q8_0_4x8
repack: repack tensor  with q8_0_4x8
repack: repack tensor  with q8_0_4x8
repack: repack tensor  with q8_0_4x8
repack: repack tensor  with q8_0_4x8
repack: repack tensor  with q8_0_4x8
repack: repack tensor  with q8_0_4x8
repack: repack tensor  with q8_0_4x8
repack: repack tensor  with q8_0_4x8
repack: repack tensor  with q8_0_4x8
repack: repack tensor  with q8_0_4x8
repack: repack tensor  with q8_0_4x8
repack: repack tensor  with q8_0_4x8
repack: repack tensor  with q8_0_4x8
repack: repack tensor  with q8_0_4x8
repack: repack tensor  with q8_0_4x8
repack: repack tensor  with q8_0_4x8
repack: repack tensor  with q8_0_4x8
repack: repack tensor  with q8_0_4x8
repack: repack tensor  with q8_0_4x8
repack: repack tensor  with q8_0_4x8
repack: repack tensor  with q8_0_4x8
repack: repack tensor  with q8_0_4x8
repack: repack tensor  with q8_0_4x8
repack: repack tensor  with q8_0_4x8
repack: repack tensor  with q8_0_4x8
repack: repack tensor  with q8_0_4x8
repack: repack tensor  with q8_0_4x8
repack: repack tensor  with q8_0_4x8
repack: repack tensor  with q8_0_4x8
repack: repack tensor  with q8_0_4x8
repack: repack tensor  with q8_0_4x8
repack: repack tensor  with q8_0_4x8
repack: repack tensor  with q8_0_4x8
repack: repack tensor  with q8_0_4x8
repack: repack tensor  with q8_0_4x8
repack: repack tensor  with q8_0_4x8
repack: repack tensor  with q8_0_4x8
repack: repack tensor  with q8_0_4x8
repack: repack tensor  with q8_0_4x8
repack: repack tensor  with q8_0_4x8
repack: repack tensor  with q8_0_4x8
repack: repack tensor  with q8_0_4x8
repack: repack tensor  with q8_0_4x8
repack: repack tensor  with q8_0_4x8
repack: repack tensor  with q8_0_4x8
repack: repack tensor  with q8_0_4x8
repack: repack tensor  with q8_0_4x8
repack: repack tensor  with q8_0_4x8
repack: repack tensor  with q8_0_4x8
repack: repack tensor  with q8_0_4x8
repack: repack tensor  with q8_0_4x8
repack: repack tensor  with q8_0_4x8
repack: repack tensor  with q8_0_4x8
repack: repack tensor  with q8_0_4x8
repack: repack tensor  with q8_0_4x8
repack: repack tensor  with q8_0_4x8
repack: repack tensor  with q8_0_4x8
repack: repack tensor  with q8_0_4x8
repack: repack tensor  with q8_0_4x8
repack: repack tensor  with q8_0_4x8
repack: repack tensor  with q8_0_4x8
repack: repack tensor  with q8_0_4x8
repack: repack tensor  with q8_0_4x8
repack: repack tensor  with q8_0_4x8
repack: repack tensor  with q8_0_4x8
repack: repack tensor  with q8_0_4x8
repack: repack tensor  with q8_0_4x8
repack: repack tensor  with q8_0_4x8
repack: repack tensor  with q8_0_4x8
repack: repack tensor  with q8_0_4x8
whisper_model_load: model size    =  873.55 MB
whisper_backend_init_gpu: no GPU found
whisper_backend_init: using BLAS backend
whisper_init_state: kv self size  =   10.49 MB
whisper_init_state: kv cross size =   31.46 MB
whisper_init_state: kv pad  size  =    7.86 MB
whisper_init_state: compute buffer (conv)   =   36.15 MB
whisper_init_state: compute buffer (encode) =   55.35 MB
whisper_init_state: compute buffer (cross)  =    9.27 MB
whisper_init_state: compute buffer (decode) =   99.12 MB
read_audio_data: reading audio data from '/tmp/chesslab-coach-audio/observed-35320-460.wav' ...
read_audio_data: trying to decode with miniaudio

system_info: n_threads = 4 / 10 | WHISPER : COREML = 0 | OPENVINO = 0 | CPU : NEON = 1 | ARM_FMA = 1 | FP16_VA = 1 | MATMUL_INT8 = 1 | DOTPROD = 1 | SME = 1 | SME2 = 1 | ACCELERATE = 1 | REPACK = 1 | 

main: processing '/tmp/chesslab-coach-audio/observed-35320-460.wav' (25533 samples, 1.6 sec), 4 threads, 1 processors, 1 beams + best of 1, lang = en, task = transcribe, timestamps = 1 ...


[00:00:00.000 --> 00:00:01.000]   Thank you.
output_txt: saving output to '/tmp/chesslab-coach-audio/observed-35320-460-greedy.txt'
output_json: saving output to '/tmp/chesslab-coach-audio/observed-35320-460-greedy.json'

whisper_print_timings:     load time =   372.08 ms
whisper_print_timings:     fallbacks =   0 p /   0 h
whisper_print_timings:      mel time =     1.16 ms
whisper_print_timings:   sample time =     1.70 ms /     1 runs (     1.70 ms per run)
whisper_print_timings:   encode time =  4226.64 ms /     1 runs (  4226.64 ms per run)
whisper_print_timings:   decode time =    22.22 ms /     5 runs (     4.44 ms per run)
whisper_print_timings:   batchd time =   151.15 ms /     3 runs (    50.38 ms per run)
whisper_print_timings:   prompt time =     0.00 ms /     1 runs (     0.00 ms per run)
whisper_print_timings:    total time =  4787.93 ms
